// Jest Snapshot v1, https://goo.gl/fbAQLP

exports[`testing FormQuery Component renders a FormQuery component snapshot 1`] = `
<div
  id="searchArea"
>
  <form
    className="search"
    id="searchOne"
    onSubmit={[Function]}
  >
    <input
      aria-label="Keywords to search for tweets"
      aria-required="true"
      id="searchTweets"
      maxLength="25"
      name="searchTweets"
      placeholder="New York Yankees"
      required={true}
      type="text"
    />
    <button>
      <img
        alt="search"
        src="./static/search_icon.png"
      />
    </button>
  </form>
</div>
`;
