// Jest Snapshot v1, https://goo.gl/fbAQLP

exports[`testing Header Component renders a Header component snapshot 1`] = `
<header
  className="app-header"
  role="banner"
>
  <h1
    className="title-letter-holder"
  >
    <span
      className="app-title blue"
    >
      B
    </span>
    <span
      className="app-title blue-purple"
    >
      a
    </span>
    <span
      className="app-title purple"
    >
      r
    </span>
    <span
      className="app-title purple-pink"
    >
      o
    </span>
    <span
      className="app-title pink"
    >
      m
    </span>
    <span
      className="app-title red"
    >
      e
    </span>
    <span
      className="app-title red-orange"
    >
      t
    </span>
    <span
      className="app-title orange"
    >
      e
    </span>
    <span
      className="app-title orange-yellow"
    >
      r
    </span>
  </h1>
  <h2
    className="tagline"
  >
    See the chatter.
  </h2>
</header>
`;
