// Jest Snapshot v1, https://goo.gl/fbAQLP

exports[`testing SentimentChart Component renders a SentimentChart with watsonEmotionResults prop 1`] = `
<section
  className="sentiment_chart"
  id="sentimentChart"
>
  <HorizontalBar
    className="chart"
    data={
      Object {
        "datasets": Array [
          Object {
            "backgroundColor": Array [
              "rgba(255, 99, 132, 1)",
            ],
            "borderColor": Array [
              "rgba(255, 99, 132, 1)",
            ],
            "borderWidth": 1,
            "data": Array [
              -0.389527,
            ],
          },
        ],
      }
    }
    options={
      Object {
        "legend": Object {
          "display": false,
        },
        "scales": Object {
          "xAxes": Array [
            Object {
              "gridLines": Object {
                "color": "#DCDCDC",
                "zeroLineColor": "#DCDCDC",
              },
              "ticks": Object {
                "fontColor": "#DCDCDC",
                "fontSize": 14,
              },
            },
          ],
          "yAxes": Array [
            Object {
              "gridLines": Object {
                "color": "#DCDCDC",
              },
              "ticks": Object {
                "fontColor": "#DCDCDC",
                "fontSize": 14,
              },
            },
          ],
        },
        "title": Object {
          "display": true,
          "fontColor": "#DCDCDC",
          "fontFamily": "'Cormorant', 'Lora', 'Montserrat', 'Roboto', 'serif'",
          "fontSize": 40,
          "fontStyle": 500,
          "text": "Negative sentiment",
        },
        "tooltips": Object {
          "callbacks": Object {
            "title": [Function],
          },
        },
      }
    }
  />
</section>
`;
